I'm sorry, but errors were detected in your script. Please correct the
errors listed below, and try again.


File "game/script.rpy", line 681: is not terminated with a newline. (Check strings and parenthesis.)
(Perhaps you left out a " at the end of the first line.)
    "Then why ask . . . that's just wasting breath. . .""

Ren'Py Version: Ren'Py 7.3.5.606
Fri Aug 14 19:46:44 2020
